// Jest Snapshot v1, https://goo.gl/fbAQLP

exports[`Pruebas en <FirstApp/> Debe de hacer match con el snapshot 1`] = `
<div>
  <h1
    data-testid="test-title"
  >
    Hola Joe
  </h1>
  <p>
    without subtitle
  </p>
  <p>
    without subtitle
  </p>
  <p />
</div>
`;
